
--- repeat 1/3 ---
  ring_aes128gcm_seal_vary_key                |t1|=    2.09
  ring_aes128gcm_open_invalid_vary_key        |t1|=    3.72
  ring_aes128gcm_seal_vary_key_split          |t1|=    2.20
  ring_aes128gcm_open_invalid_vary_key_split  |t1|=    2.26
  ring_aes128gcm_keysched_only                |t1|=    3.56
  ring_aes128gcm_drop_only                    |t1|=    2.46
  aes128gcm_seal_vary_key                     |t1|=    1.30
  aes128gcm_seal_vary_key_split               |t1|=    1.88
  aes128gcm_keysched_only                     |t1|=    1.38
  aes128gcm_newgcm_only                       |t1|=    1.57
  curve25519_X25519_split                     |t1|=    2.43
  mlkem768_decapsulate_vary_key_split         |t1|=    2.79

--- repeat 2/3 ---
  ring_aes128gcm_seal_vary_key                |t1|=    2.54
  ring_aes128gcm_open_invalid_vary_key        |t1|=    0.71
  ring_aes128gcm_seal_vary_key_split          |t1|=    1.37
  ring_aes128gcm_open_invalid_vary_key_split  |t1|=    3.08
  ring_aes128gcm_keysched_only                |t1|=    2.28
  ring_aes128gcm_drop_only                    |t1|=    2.90
  aes128gcm_seal_vary_key                     |t1|=    0.64
  aes128gcm_seal_vary_key_split               |t1|=    2.26
  aes128gcm_keysched_only                     |t1|=    0.59
  aes128gcm_newgcm_only                       |t1|=    3.54
  curve25519_X25519_split                     |t1|=    1.96
  mlkem768_decapsulate_vary_key_split         |t1|=    5.85

--- repeat 3/3 ---
  ring_aes128gcm_seal_vary_key                |t1|=    2.18
  ring_aes128gcm_open_invalid_vary_key        |t1|=    2.57
  ring_aes128gcm_seal_vary_key_split          |t1|=    2.26
  ring_aes128gcm_open_invalid_vary_key_split  |t1|=    4.02
  ring_aes128gcm_keysched_only                |t1|=    1.87
  ring_aes128gcm_drop_only                    |t1|=    1.91
  aes128gcm_seal_vary_key                     |t1|=    2.68
  aes128gcm_seal_vary_key_split               |t1|=    4.64
  aes128gcm_keysched_only                     |t1|=    0.82
  aes128gcm_newgcm_only                       |t1|=    4.57
  curve25519_X25519_split                     |t1|=    1.27
  mlkem768_decapsulate_vary_key_split         |t1|=    3.47

=== production targets, 3 repeats, SO=off, threshold=8 ===
target                                          mean       min       max  n>8
ring_aes128gcm_seal_vary_key                    2.27      2.09      2.54  0/3  CT  
ring_aes128gcm_open_invalid_vary_key            2.34      0.71      3.72  0/3  CT  
ring_aes128gcm_seal_vary_key_split              1.94      1.37      2.26  0/3  CT  
ring_aes128gcm_open_invalid_vary_key_split      3.12      2.26      4.02  0/3  CT  
ring_aes128gcm_keysched_only                    2.57      1.87      3.56  0/3  CT  
ring_aes128gcm_drop_only                        2.42      1.91      2.90  0/3  CT  
aes128gcm_seal_vary_key                         1.54      0.64      2.68  0/3  CT  
aes128gcm_seal_vary_key_split                   2.93      1.88      4.64  0/3  CT  
aes128gcm_keysched_only                         0.93      0.59      1.38  0/3  CT  
aes128gcm_newgcm_only                           3.23      1.57      4.57  0/3  CT  
curve25519_X25519_split                         1.88      1.27      2.43  0/3  CT  
mlkem768_decapsulate_vary_key_split             4.04      2.79      5.85  0/3  CT  
