
--- repeat 1/3 ---
  ring_aes128gcm_seal_vary_key                |t1|=    0.72
  ring_aes128gcm_open_invalid_vary_key        |t1|=    1.75
  ring_aes128gcm_seal_vary_key_split          |t1|=    1.39
  ring_aes128gcm_open_invalid_vary_key_split  |t1|=    0.84
  ring_aes128gcm_keysched_only                |t1|=    0.57
  ring_aes128gcm_drop_only                    |t1|=    3.08
  aes128gcm_seal_vary_key                     |t1|=    1.49
  aes128gcm_seal_vary_key_split               |t1|=    1.49
  aes128gcm_keysched_only                     |t1|=    1.16
  aes128gcm_newgcm_only                       |t1|=    1.35

--- repeat 2/3 ---
  ring_aes128gcm_seal_vary_key                |t1|=    1.86
  ring_aes128gcm_open_invalid_vary_key        |t1|=    0.79
  ring_aes128gcm_seal_vary_key_split          |t1|=    2.75
  ring_aes128gcm_open_invalid_vary_key_split  |t1|=    1.13
  ring_aes128gcm_keysched_only                |t1|=    1.49
  ring_aes128gcm_drop_only                    |t1|=    0.85
  aes128gcm_seal_vary_key                     |t1|=    2.53
  aes128gcm_seal_vary_key_split               |t1|=    3.19
  aes128gcm_keysched_only                     |t1|=    2.01
  aes128gcm_newgcm_only                       |t1|=    1.08

--- repeat 3/3 ---
  ring_aes128gcm_seal_vary_key                |t1|=    3.89
  ring_aes128gcm_open_invalid_vary_key        |t1|=    1.30
  ring_aes128gcm_seal_vary_key_split          |t1|=    1.10
  ring_aes128gcm_open_invalid_vary_key_split  |t1|=    1.76
  ring_aes128gcm_keysched_only                |t1|=    1.08
  ring_aes128gcm_drop_only                    |t1|=    1.38
  aes128gcm_seal_vary_key                     |t1|=    3.14
  aes128gcm_seal_vary_key_split               |t1|=    1.61
  aes128gcm_keysched_only                     |t1|=    1.01
  aes128gcm_newgcm_only                       |t1|=    7.91

=== production targets, 3 repeats, SO=off, threshold=8 ===
target                                          mean       min       max  n>8
ring_aes128gcm_seal_vary_key                    2.16      0.72      3.89  0/3  CT  
ring_aes128gcm_open_invalid_vary_key            1.28      0.79      1.75  0/3  CT  
ring_aes128gcm_seal_vary_key_split              1.75      1.10      2.75  0/3  CT  
ring_aes128gcm_open_invalid_vary_key_split      1.24      0.84      1.76  0/3  CT  
ring_aes128gcm_keysched_only                    1.04      0.57      1.49  0/3  CT  
ring_aes128gcm_drop_only                        1.77      0.85      3.08  0/3  CT  
aes128gcm_seal_vary_key                         2.38      1.49      3.14  0/3  CT  
aes128gcm_seal_vary_key_split                   2.10      1.49      3.19  0/3  CT  
aes128gcm_keysched_only                         1.39      1.01      2.01  0/3  CT  
aes128gcm_newgcm_only                           3.45      1.08      7.91  0/3  CT  
