
--- repeat 1/3 ---
  aes128gcm_seal_vary_key                     |t1|=    1.55
  aes128gcm_open_invalid_vary_key             |t1|=    1.53
  ed25519_sign_vary_key                       |t1|=    1.67
  ecdsa_p256_sign_vary_key                    |t1|=    1.42
  ring_aes128gcm_seal_vary_key                |t1|=    9.37
  ring_aes128gcm_open_invalid_vary_key        |t1|=    8.53
  ring_ed25519_sign_vary_key                  |t1|=    4.23
  aes128gcm_seal_vary_key_split               |t1|=    1.93
  aes128gcm_open_invalid_vary_key_split       |t1|=    1.18
  ed25519_sign_vary_key_split                 |t1|=    3.27
  ecdsa_p256_sign_vary_key_split              |t1|=    0.85
  ring_aes128gcm_seal_vary_key_split          |t1|=    2.05
  ring_aes128gcm_open_invalid_vary_key_split  |t1|=    2.85
  ring_ed25519_sign_vary_key_split            |t1|=    3.70

--- repeat 2/3 ---
  aes128gcm_seal_vary_key                     |t1|=    1.97
  aes128gcm_open_invalid_vary_key             |t1|=    1.59
  ed25519_sign_vary_key                       |t1|=    3.65
  ecdsa_p256_sign_vary_key                    |t1|=    2.23
  ring_aes128gcm_seal_vary_key                |t1|=    5.13
  ring_aes128gcm_open_invalid_vary_key        |t1|=    7.80
  ring_ed25519_sign_vary_key                  |t1|=    3.88
  aes128gcm_seal_vary_key_split               |t1|=    3.15
  aes128gcm_open_invalid_vary_key_split       |t1|=    1.45
  ed25519_sign_vary_key_split                 |t1|=    2.66
  ecdsa_p256_sign_vary_key_split              |t1|=    1.60
  ring_aes128gcm_seal_vary_key_split          |t1|=    2.19
  ring_aes128gcm_open_invalid_vary_key_split  |t1|=    2.02
  ring_ed25519_sign_vary_key_split            |t1|=    2.43

--- repeat 3/3 ---
  aes128gcm_seal_vary_key                     |t1|=    1.52
  aes128gcm_open_invalid_vary_key             |t1|=    1.54
  ed25519_sign_vary_key                       |t1|=    0.40
  ecdsa_p256_sign_vary_key                    |t1|=    1.86
  ring_aes128gcm_seal_vary_key                |t1|=    1.46
  ring_aes128gcm_open_invalid_vary_key        |t1|=    5.13
  ring_ed25519_sign_vary_key                  |t1|=    1.60
  aes128gcm_seal_vary_key_split               |t1|=    2.61
  aes128gcm_open_invalid_vary_key_split       |t1|=    1.51
  ed25519_sign_vary_key_split                 |t1|=    2.56
  ecdsa_p256_sign_vary_key_split              |t1|=    2.06
  ring_aes128gcm_seal_vary_key_split          |t1|=    1.71
  ring_aes128gcm_open_invalid_vary_key_split  |t1|=    5.57
  ring_ed25519_sign_vary_key_split            |t1|=    2.75

=== production targets, 3 repeats, SO=off, threshold=8 ===
target                                          mean       min       max  n>8
aes128gcm_seal_vary_key                         1.68      1.52      1.97  0/3  CT  
aes128gcm_open_invalid_vary_key                 1.55      1.53      1.59  0/3  CT  
ed25519_sign_vary_key                           1.91      0.40      3.65  0/3  CT  
ecdsa_p256_sign_vary_key                        1.84      1.42      2.23  0/3  CT  
ring_aes128gcm_seal_vary_key                    5.32      1.46      9.37  1/3  CT  
ring_aes128gcm_open_invalid_vary_key            7.15      5.13      8.53  1/3  CT  
ring_ed25519_sign_vary_key                      3.24      1.60      4.23  0/3  CT  
aes128gcm_seal_vary_key_split                   2.57      1.93      3.15  0/3  CT  
aes128gcm_open_invalid_vary_key_split           1.38      1.18      1.51  0/3  CT  
ed25519_sign_vary_key_split                     2.83      2.56      3.27  0/3  CT  
ecdsa_p256_sign_vary_key_split                  1.51      0.85      2.06  0/3  CT  
ring_aes128gcm_seal_vary_key_split              1.98      1.71      2.19  0/3  CT  
ring_aes128gcm_open_invalid_vary_key_split      3.48      2.02      5.57  0/3  CT  
ring_ed25519_sign_vary_key_split                2.96      2.43      3.70  0/3  CT  
